Already up to date
Done in 139ms using pnpm v11.19.0
$ node scripts/prune-voice-assets.mjs -- --write
{
  "mode": "write",
  "orphanCount": 159,
  "deletedCount": 159,
  "orphans": [
    "public/audio/voice/zh-CN/edge-zh-cn-xiaoxiaoneural/activity-system-再检查每一行和每一列-看看有没有重复或缺少的图卡.mp3",
    "public/audio/voice/zh-CN/edge-zh-cn-xiaoxiaoneural/clue-按行找位置-模型会一直保留.mp3",
    "public/audio/voice/zh-CN/edge-zh-cn-xiaoxiaoneural/clue-每一行-三种图卡各出现一次.mp3",
    "public/audio/voice/zh-CN/edge-zh-cn-xiaoxiaoneural/clue-每一行每种动物只有一张.mp3",
    "public/audio/voice/zh-CN/edge-zh-cn-xiaoxiaoneural/clue-每一行的颜色相同.mp3",
    "public/audio/voice/zh-CN/edge-zh-cn-xiaoxiaoneural/clue-每一行都是同一种颜色.mp3",
    "public/audio/voice/zh-CN/edge-zh-cn-xiaoxiaoneural/clue-每一行颜色相同.mp3",
    "public/audio/voice/zh-CN/edge-zh-cn-xiaoxiaoneural/clue-每行同色-蓝白行交替.mp3",
    "public/audio/voice/zh-CN/edge-zh-cn-xiaoxiaoneural/clue-每行都有一个圆形-一个方形和一张空白卡.mp3",
    "public/audio/voice/zh-CN/edge-zh-cn-xiaoxiaoneural/clue-相同的一整行保持同色-按三行一组重复-pron-7561ba291ed8.mp3",
    "public/audio/voice/zh-CN/edge-zh-cn-xiaoxiaoneural/clue-相同的一整行保持同色-按三行一组重复.mp3",
    "public/audio/voice/zh-CN/edge-zh-cn-xiaoxiaoneural/clue-蓝白格沿每行-每列交替.mp3",
    "public/audio/voice/zh-CN/edge-zh-cn-xiaoxiaoneural/game-goal-单属性-双属性-行列交叉约束.mp3",
    "public/audio/voice/zh-CN/edge-zh-cn-xiaoxiaoneural/game-goal-找日期-数同一星期-跨行与间隔推算.mp3",
    "public/audio/voice/zh-CN/edge-zh-cn-xiaoxiaoneural/game-goal-训练二维定位-行列对应和工作记忆.mp3",
    "public/audio/voice/zh-CN/edge-zh-cn-xiaoxiaoneural/game-title-行列规律研究.mp3",
    "public/audio/voice/zh-CN/edge-zh-cn-xiaoxiaoneural/hint-一行一行检查-选过的再对照规则看一次-这里不比谁快.mp3",
    "public/audio/voice/zh-CN/edge-zh-cn-xiaoxiaoneural/hint-下一行可以换个顺序-避开上面同一列的图形.mp3",
    "public/audio/voice/zh-CN/edge-zh-cn-xiaoxiaoneural/hint-下面的行既要自己不重复-也要和上面的列对上.mp3",
    "public/audio/voice/zh-CN/edge-zh-cn-xiaoxiaoneural/hint-从一行里已经有的图卡看颜色.mp3",
    "public/audio/voice/zh-CN/edge-zh-cn-xiaoxiaoneural/hint-先找只差一个空位的那一行或那一列.mp3",
    "public/audio/voice/zh-CN/edge-zh-cn-xiaoxiaoneural/hint-先把三种图形放进第一行.mp3",
    "public/audio/voice/zh-CN/edge-zh-cn-xiaoxiaoneural/hint-先看问号和哪种颜色在同一行.mp3",
    "public/audio/voice/zh-CN/edge-zh-cn-xiaoxiaoneural/hint-先试着补好一整行.mp3",
    "public/audio/voice/zh-CN/edge-zh-cn-xiaoxiaoneural/hint-同一行的颜色保持不变-同一列的形状也保持不变.mp3",
    "public/audio/voice/zh-CN/edge-zh-cn-xiaoxiaoneural/hint-按行找位置-模型会一直保留.mp3",
    "public/audio/voice/zh-CN/edge-zh-cn-xiaoxiaoneural/hint-放好一张以后-再检查它所在的行和列.mp3",
    "public/audio/voice/zh-CN/edge-zh-cn-xiaoxiaoneural/hint-每一行每种动物只有一张.mp3",
    "public/audio/voice/zh-CN/edge-zh-cn-xiaoxiaoneural/hint-每一行颜色相同.mp3",
    "public/audio/voice/zh-CN/edge-zh-cn-xiaoxiaoneural/hint-每行从左到右加2-每列从上到下加三-两条规则都得到8.mp3",
    "public/audio/voice/zh-CN/edge-zh-cn-xiaoxiaoneural/hint-每行从左到右加3-每列从上到下加三-两条规则都得到11.mp3",
    "public/audio/voice/zh-CN/edge-zh-cn-xiaoxiaoneural/hint-每行从左到右加4-每列从上到下加三-两条规则都得到14.mp3",
    "public/audio/voice/zh-CN/edge-zh-cn-xiaoxiaoneural/hint-每行同色-蓝白行交替.mp3",
    "public/audio/voice/zh-CN/edge-zh-cn-xiaoxiaoneural/hint-相同的一整行保持同色-按三行一组重复-pron-84e76236ec16.mp3",
    "public/audio/voice/zh-CN/edge-zh-cn-xiaoxiaoneural/hint-相同的一整行保持同色-按三行一组重复.mp3",
    "public/audio/voice/zh-CN/edge-zh-cn-xiaoxiaoneural/hint-蓝白格沿每行-每列交替.mp3",
    "public/audio/voice/zh-CN/edge-zh-cn-xiaoxiaoneural/hint-逐行-逐列看-小兔-小猫-小狗都各出现一次.mp3",
    "public/audio/voice/zh-CN/edge-zh-cn-xiaoxiaoneural/hint-逐行对应-色块的位置-数量都一样.mp3",
    "public/audio/voice/zh-CN/edge-zh-cn-xiaoxiaoneural/parent-同时核对行列-能撤回不合适摆放.mp3",
    "public/audio/voice/zh-CN/edge-zh-cn-xiaoxiaoneural/parent-理解按三行重复并核对补片边界.mp3",
    "public/audio/voice/zh-CN/edge-zh-cn-xiaoxiaoneural/parent-能在4-4保持行列对应.mp3",
    "public/audio/voice/zh-CN/edge-zh-cn-xiaoxiaoneural/parent-能按行列读取2-3数表.mp3",
    "public/audio/voice/zh-CN/edge-zh-cn-xiaoxiaoneural/parent-能按行比较蓝白格.mp3",
    "public/audio/voice/zh-CN/edge-zh-cn-xiaoxiaoneural/parent-能按颜色行次序和形状列次序交叉取值.mp3",
    "public/audio/voice/zh-CN/edge-zh-cn-xiaoxiaoneural/parent-能计数到14并按行检查.mp3",
    "public/audio/voice/zh-CN/edge-zh-cn-xiaoxiaoneural/parent-能识一种目标形状并逐行搜索.mp3",
    "public/audio/voice/zh-CN/edge-zh-cn-xiaoxiaoneural/parent-能逐行定位且把空白当需填写内容.mp3",
    "public/audio/voice/zh-CN/edge-zh-cn-xiaoxiaoneural/parent-认三位朋友-理解一行不得重复.mp3",
    "public/audio/voice/zh-CN/edge-zh-cn-xiaoxiaoneural/parent-识颜色与形状-会按行列定位.mp3",
    "public/audio/voice/zh-CN/edge-zh-cn-xiaoxiaoneural/parent-请她先找字母行-再找数字列-最后说出交叉的格子.mp3",
    "public/audio/voice/zh-CN/edge-zh-cn-xiaoxiaoneural/parent-请她指着-a-行和-1-列交叉的格子-说为什么是小鸟.mp3",
    "public/audio/voice/zh-CN/edge-zh-cn-xiaoxiaoneural/parent-请她指着-a-行和-3-列交叉的格子-说为什么是积木塔.mp3",
    "public/audio/voice/zh-CN/edge-zh-cn-xiaoxiaoneural/parent-请她指着-a-行和-4-列交叉的格子-说为什么是铅笔.mp3",
    "public/audio/voice/zh-CN/edge-zh-cn-xiaoxiaoneural/parent-请她指着-b-行和-2-列交叉的格子-说为什么是小猫.mp3",
    "public/audio/voice/zh-CN/edge-zh-cn-xiaoxiaoneural/parent-请她指着-b-行和-3-列交叉的格子-说为什么是积木塔.mp3",
    "public/audio/voice/zh-CN/edge-zh-cn-xiaoxiaoneural/parent-请她指着-c-行和-1-列交叉的格子-说为什么是书包.mp3",
    "public/audio/voice/zh-CN/edge-zh-cn-xiaoxiaoneural/parent-请她指着-c-行和-2-列交叉的格子-说为什么是小鱼.mp3",
    "public/audio/voice/zh-CN/edge-zh-cn-xiaoxiaoneural/parent-请她指着-d-行和-4-列交叉的格子-说为什么是草莓.mp3",
    "public/audio/voice/zh-CN/edge-zh-cn-xiaoxiaoneural/parent-请她指着小狗-说它在-a-行-2-列-所以地址是-a2.mp3",
    "public/audio/voice/zh-CN/edge-zh-cn-xiaoxiaoneural/parent-请她指着葡萄-说它在-c-行-3-列-所以地址是-c3.mp3",
    "public/audio/voice/zh-CN/edge-zh-cn-xiaoxiaoneural/parent-请她指着蛋糕-说它在-d-行-3-列-所以地址是-d3.mp3",
    "public/audio/voice/zh-CN/edge-zh-cn-xiaoxiaoneural/parent-请她指着足球-说它在-a-行-3-列-所以地址是-a3.mp3",
    "public/audio/voice/zh-CN/edge-zh-cn-xiaoxiaoneural/parent-请她按行读数字-再说这一行一共有几块.mp3",
    "public/audio/voice/zh-CN/edge-zh-cn-xiaoxiaoneural/parent-请她说第一行怎么合起来-再说第三行-和-用同一个规则为什么补.mp3",
    "public/audio/voice/zh-CN/edge-zh-cn-xiaoxiaoneural/parent-请她说第一行怎么回到大的-再说第三行用同一个规则为什么补-大方块.mp3",
    "public/audio/voice/zh-CN/edge-zh-cn-xiaoxiaoneural/parent-请她说第一行怎么回到第一个-再说第三行用同一个规则为什么补.mp3",
    "public/audio/voice/zh-CN/edge-zh-cn-xiaoxiaoneural/parent-请她说第一行怎么连成小故事-再说第三行-小狗-和-家-用同一个规则为什么补-小狗家.mp3",
    "public/audio/voice/zh-CN/edge-zh-cn-xiaoxiaoneural/parent-请她说第一行数字-1-怎么变成-1-个苹果-再说第三行用同一个规则为什么补.mp3",
    "public/audio/voice/zh-CN/edge-zh-cn-xiaoxiaoneural/parent-请她说第一行有哪些-再说第三行用同一个规则为什么补.mp3",
    "public/audio/voice/zh-CN/edge-zh-cn-xiaoxiaoneural/parent-请孩子指出最先确定的空位-以及用的是哪一行-哪一列的线索.mp3",
    "public/audio/voice/zh-CN/edge-zh-cn-xiaoxiaoneural/parent-这题可以有不同的完整图案-请逐行-逐列验证-而不是只认一种样子.mp3",
    "public/audio/voice/zh-CN/edge-zh-cn-xiaoxiaoneural/parent-问她-这一行少了什么-这一列有没有同样的办法.mp3",
    "public/audio/voice/zh-CN/edge-zh-cn-xiaoxiaoneural/prompt-a1-里藏着什么-先找字母行-再找数字列.mp3",
    "public/audio/voice/zh-CN/edge-zh-cn-xiaoxiaoneural/prompt-a3-里藏着什么-先找字母行-再找数字列.mp3",
    "public/audio/voice/zh-CN/edge-zh-cn-xiaoxiaoneural/prompt-a4-里藏着什么-先找字母行-再找数字列.mp3",
    "public/audio/voice/zh-CN/edge-zh-cn-xiaoxiaoneural/prompt-b2-里藏着什么-先找字母行-再找数字列.mp3",
    "public/audio/voice/zh-CN/edge-zh-cn-xiaoxiaoneural/prompt-b3-里藏着什么-先找字母行-再找数字列.mp3",
    "public/audio/voice/zh-CN/edge-zh-cn-xiaoxiaoneural/prompt-c1-里藏着什么-先找字母行-再找数字列.mp3",
    "public/audio/voice/zh-CN/edge-zh-cn-xiaoxiaoneural/prompt-c2-里藏着什么-先找字母行-再找数字列.mp3",
    "public/audio/voice/zh-CN/edge-zh-cn-xiaoxiaoneural/prompt-d4-里藏着什么-先找字母行-再找数字列.mp3",
    "public/audio/voice/zh-CN/edge-zh-cn-xiaoxiaoneural/prompt-把图形盘补完整-空白卡也是一张图卡-每个问号都要放好-再点看看-每行都有一个圆形-一个方形和一张空白卡-每列也要把这三种卡各放一次.mp3",
    "public/audio/voice/zh-CN/edge-zh-cn-xiaoxiaoneural/prompt-把图形盘补完整-选一张图卡-再点问号格放进去-图卡可以重复用-每一行-三种图卡各出现一次-每一列-三种图卡也各出现一次.mp3",
    "public/audio/voice/zh-CN/edge-zh-cn-xiaoxiaoneural/prompt-把图形盘补完整-选一张图卡-再点问号格放进去-图卡可以重复用-每一行的颜色相同-每一列的形状相同.mp3",
    "public/audio/voice/zh-CN/edge-zh-cn-xiaoxiaoneural/prompt-把图形盘补完整-选一张图卡-再点问号格放进去-图卡可以重复用-每一行都是同一种颜色-从左到右-都是圆形-方形-三角形.mp3",
    "public/audio/voice/zh-CN/edge-zh-cn-xiaoxiaoneural/prompt-把每行每列的规律补完整-选图卡-点问号格放进去-图卡可以重复用-每一行颜色相同-从左到右依次是三角-圆-方-从上到下依次是红-蓝-黄.mp3",
    "public/audio/voice/zh-CN/edge-zh-cn-xiaoxiaoneural/prompt-把每行每列的规律补完整-选图卡-点问号格放进去-图卡可以重复用-每一行颜色相同-从左到右依次是三角-圆-方.mp3",
    "public/audio/voice/zh-CN/edge-zh-cn-xiaoxiaoneural/prompt-把每行每列的规律补完整-选图卡-点问号格放进去-图卡可以重复用-每一行颜色相同-从左到右依次是圆-方-三角-从上到下依次是红-蓝-黄.mp3",
    "public/audio/voice/zh-CN/edge-zh-cn-xiaoxiaoneural/prompt-把每行每列的规律补完整-选图卡-点问号格放进去-图卡可以重复用-每一行颜色相同-从左到右依次是圆-方-三角.mp3",
    "public/audio/voice/zh-CN/edge-zh-cn-xiaoxiaoneural/prompt-把每行每列的规律补完整-选图卡-点问号格放进去-图卡可以重复用-每一行颜色相同-从左到右依次是方-三角-圆-从上到下依次是红-蓝-黄.mp3",
    "public/audio/voice/zh-CN/edge-zh-cn-xiaoxiaoneural/prompt-把每行每列的规律补完整-选图卡-点问号格放进去-图卡可以重复用-每一行颜色相同-从左到右依次是方-三角-圆.mp3",
    "public/audio/voice/zh-CN/edge-zh-cn-xiaoxiaoneural/prompt-按行和列的变化-补出最后一个数-选出符合条件的一张图卡.mp3",
    "public/audio/voice/zh-CN/edge-zh-cn-xiaoxiaoneural/prompt-每行每列都要有三位不同的朋友-选图卡-点问号格放进去-图卡可以重复用-每一行每种动物只有一张-每一列每种动物只有一张.mp3",
    "public/audio/voice/zh-CN/edge-zh-cn-xiaoxiaoneural/prompt-照着参照图-把蓝格和空白格都摆出来-选图卡-点问号格放进去-图卡可以重复用-按行找位置-模型会一直保留.mp3",
    "public/audio/voice/zh-CN/edge-zh-cn-xiaoxiaoneural/prompt-空格里应该放什么-先读完整的第一行-再用同样规则补第三行.mp3",
    "public/audio/voice/zh-CN/edge-zh-cn-xiaoxiaoneural/prompt-自己搭一个图形盘-选一张图卡-再点问号格放进去-图卡可以重复用-每一行-三种图卡各出现一次-每一列-三种图卡也各出现一次.mp3",
    "public/audio/voice/zh-CN/edge-zh-cn-xiaoxiaoneural/prompt-选哪一块补片-能把行列里的纹理接上-选出符合条件的一张图卡-每行同色-蓝白行交替.mp3",
    "public/audio/voice/zh-CN/edge-zh-cn-xiaoxiaoneural/prompt-选哪一块补片-能把行列里的纹理接上-选出符合条件的一张图卡-相同的一整行保持同色-按三行一组重复-pron-fdf8589f9681.mp3",
    "public/audio/voice/zh-CN/edge-zh-cn-xiaoxiaoneural/prompt-选哪一块补片-能把行列里的纹理接上-选出符合条件的一张图卡-相同的一整行保持同色-按三行一组重复.mp3",
    "public/audio/voice/zh-CN/edge-zh-cn-xiaoxiaoneural/prompt-选哪一块补片-能把行列里的纹理接上-选出符合条件的一张图卡-蓝白格沿每行-每列交替.mp3",
    "public/audio/voice/zh-CN/edge-zh-cn-xiaoxiaoneural/retry-先在图里找到小狗-再读这一行的字母和这一列的数字.mp3",
    "public/audio/voice/zh-CN/edge-zh-cn-xiaoxiaoneural/retry-先在图里找到葡萄-再读这一行的字母和这一列的数字.mp3",
    "public/audio/voice/zh-CN/edge-zh-cn-xiaoxiaoneural/retry-先在图里找到蛋糕-再读这一行的字母和这一列的数字.mp3",
    "public/audio/voice/zh-CN/edge-zh-cn-xiaoxiaoneural/retry-先在图里找到足球-再读这一行的字母和这一列的数字.mp3",
    "public/audio/voice/zh-CN/edge-zh-cn-xiaoxiaoneural/retry-先找到-a-行-再横着找到-1-列-不要先猜物品.mp3",
    "public/audio/voice/zh-CN/edge-zh-cn-xiaoxiaoneural/retry-先找到-a-行-再横着找到-3-列-不要先猜物品.mp3",
    "public/audio/voice/zh-CN/edge-zh-cn-xiaoxiaoneural/retry-先找到-a-行-再横着找到-4-列-不要先猜物品.mp3",
    "public/audio/voice/zh-CN/edge-zh-cn-xiaoxiaoneural/retry-先找到-b-行-再横着找到-2-列-不要先猜物品.mp3",
    "public/audio/voice/zh-CN/edge-zh-cn-xiaoxiaoneural/retry-先找到-b-行-再横着找到-3-列-不要先猜物品.mp3",
    "public/audio/voice/zh-CN/edge-zh-cn-xiaoxiaoneural/retry-先找到-c-行-再横着找到-1-列-不要先猜物品.mp3",
    "public/audio/voice/zh-CN/edge-zh-cn-xiaoxiaoneural/retry-先找到-c-行-再横着找到-2-列-不要先猜物品.mp3",
    "public/audio/voice/zh-CN/edge-zh-cn-xiaoxiaoneural/retry-先找到-d-行-再横着找到-4-列-不要先猜物品.mp3",
    "public/audio/voice/zh-CN/edge-zh-cn-xiaoxiaoneural/retry-先看第一行这个完整行有哪些颜色-再看第三行缺的空格少了哪一个.mp3",
    "public/audio/voice/zh-CN/edge-zh-cn-xiaoxiaoneural/retry-先读第一行这个完整行-前两个合成最后一个-再看第三行缺的空格.mp3",
    "public/audio/voice/zh-CN/edge-zh-cn-xiaoxiaoneural/retry-先读第一行这个完整行-前两个词连成最后一个-再看第三行缺的空格.mp3",
    "public/audio/voice/zh-CN/edge-zh-cn-xiaoxiaoneural/retry-先读第一行这个完整行-大-小-再回到大-再看第三行缺的空格.mp3",
    "public/audio/voice/zh-CN/edge-zh-cn-xiaoxiaoneural/retry-先读第一行这个完整行-数字是几就有几个-再看第三行缺的空格.mp3",
    "public/audio/voice/zh-CN/edge-zh-cn-xiaoxiaoneural/retry-先读第一行这个完整行-第一-第二-再回到第一-再看第三行缺的空格.mp3",
    "public/audio/voice/zh-CN/edge-zh-cn-xiaoxiaoneural/retry-每个问号都要同时对上行的颜色和列的形状.mp3",
    "public/audio/voice/zh-CN/edge-zh-cn-xiaoxiaoneural/retry-看一看新放的图卡-会不会让同一行或同一列重复.mp3",
    "public/audio/voice/zh-CN/edge-zh-cn-xiaoxiaoneural/retry-颜色看同一行-形状再从左到右检查.mp3",
    "public/audio/voice/zh-CN/edge-zh-cn-xiaoxiaoneural/success-a1-是-a-行-1-列-格子里是小鸟.mp3",
    "public/audio/voice/zh-CN/edge-zh-cn-xiaoxiaoneural/success-a3-是-a-行-3-列-格子里是积木塔.mp3",
    "public/audio/voice/zh-CN/edge-zh-cn-xiaoxiaoneural/success-a4-是-a-行-4-列-格子里是铅笔.mp3",
    "public/audio/voice/zh-CN/edge-zh-cn-xiaoxiaoneural/success-b2-是-b-行-2-列-格子里是小猫.mp3",
    "public/audio/voice/zh-CN/edge-zh-cn-xiaoxiaoneural/success-b3-是-b-行-3-列-格子里是积木塔.mp3",
    "public/audio/voice/zh-CN/edge-zh-cn-xiaoxiaoneural/success-c1-是-c-行-1-列-格子里是书包.mp3",
    "public/audio/voice/zh-CN/edge-zh-cn-xiaoxiaoneural/success-c2-是-c-行-2-列-格子里是小鱼.mp3",
    "public/audio/voice/zh-CN/edge-zh-cn-xiaoxiaoneural/success-d4-是-d-行-4-列-格子里是草莓.mp3",
    "public/audio/voice/zh-CN/edge-zh-cn-xiaoxiaoneural/success-一行一行检查-选过的再对照规则看一次-这里不比谁快.mp3",
    "public/audio/voice/zh-CN/edge-zh-cn-xiaoxiaoneural/success-上下两行颜色顺序反了-对应的位置不一样-不能重合.mp3",
    "public/audio/voice/zh-CN/edge-zh-cn-xiaoxiaoneural/success-下面一行左边是黄色圆片-右边是绿色圆片-不能完全重合.mp3",
    "public/audio/voice/zh-CN/edge-zh-cn-xiaoxiaoneural/success-中间一行左边是星星-右边是黄色圆片-不是左右对称.mp3",
    "public/audio/voice/zh-CN/edge-zh-cn-xiaoxiaoneural/success-同一行的颜色保持不变-同一列的形状也保持不变.mp3",
    "public/audio/voice/zh-CN/edge-zh-cn-xiaoxiaoneural/success-小狗在-a-行-2-列-所以地址是-a2.mp3",
    "public/audio/voice/zh-CN/edge-zh-cn-xiaoxiaoneural/success-按行数-第一行-4-块-第二行-4-块-第三行-2-块-一共-10-块.mp3",
    "public/audio/voice/zh-CN/edge-zh-cn-xiaoxiaoneural/success-按行数-第一行-4-块-第二行-5-块-第三行-1-块-一共-10-块.mp3",
    "public/audio/voice/zh-CN/edge-zh-cn-xiaoxiaoneural/success-每一行和每一列都符合规则了.mp3",
    "public/audio/voice/zh-CN/edge-zh-cn-xiaoxiaoneural/success-每一行的左边和右边都一样-是左右对称.mp3",
    "public/audio/voice/zh-CN/edge-zh-cn-xiaoxiaoneural/success-每行从左到右加2-每列从上到下加三-两条规则都得到8.mp3",
    "public/audio/voice/zh-CN/edge-zh-cn-xiaoxiaoneural/success-每行从左到右加3-每列从上到下加三-两条规则都得到11.mp3",
    "public/audio/voice/zh-CN/edge-zh-cn-xiaoxiaoneural/success-每行从左到右加4-每列从上到下加三-两条规则都得到14.mp3",
    "public/audio/voice/zh-CN/edge-zh-cn-xiaoxiaoneural/success-第一行-2-块-第二行-1-块-一共-3-块.mp3",
    "public/audio/voice/zh-CN/edge-zh-cn-xiaoxiaoneural/success-第一行-3-块-第二行-1-块-一共-4-块.mp3",
    "public/audio/voice/zh-CN/edge-zh-cn-xiaoxiaoneural/success-第一行-4-块-第二行-1-块-一共-5-块.mp3",
    "public/audio/voice/zh-CN/edge-zh-cn-xiaoxiaoneural/success-第一行-4-块-第二行-2-块-一共-6-块.mp3",
    "public/audio/voice/zh-CN/edge-zh-cn-xiaoxiaoneural/success-第一行-4-块-第二行-3-块-一共-7-块.mp3",
    "public/audio/voice/zh-CN/edge-zh-cn-xiaoxiaoneural/success-第一行-5-块-第二行-2-块-一共-7-块.mp3",
    "public/audio/voice/zh-CN/edge-zh-cn-xiaoxiaoneural/success-第一行是-1-数字-1-就放-1-个-第三行是-3-所以空格补.mp3",
    "public/audio/voice/zh-CN/edge-zh-cn-xiaoxiaoneural/success-第一行是-和-合起来变成-第三行是-和-所以空格补.mp3",
    "public/audio/voice/zh-CN/edge-zh-cn-xiaoxiaoneural/success-第一行是-大圆-小圆-大圆-大的又回来-第三行是-大方块-小方块-所以空格补-大方块.mp3",
    "public/audio/voice/zh-CN/edge-zh-cn-xiaoxiaoneural/success-第一行是-小鸟-和-天空-合成-小鸟天空-第三行是-小狗-和-家-所以空格补-小狗家.mp3",
    "public/audio/voice/zh-CN/edge-zh-cn-xiaoxiaoneural/success-第一行是-第一个又回来-第三行是-所以空格补.mp3",
    "public/audio/voice/zh-CN/edge-zh-cn-xiaoxiaoneural/success-第一行有-三个都出现-第三行已经有-和-所以空格补.mp3",
    "public/audio/voice/zh-CN/edge-zh-cn-xiaoxiaoneural/success-葡萄在-c-行-3-列-所以地址是-c3.mp3",
    "public/audio/voice/zh-CN/edge-zh-cn-xiaoxiaoneural/success-蛋糕在-d-行-3-列-所以地址是-d3.mp3",
    "public/audio/voice/zh-CN/edge-zh-cn-xiaoxiaoneural/success-补齐了-每行的颜色相同-每列的形状也相同.mp3",
    "public/audio/voice/zh-CN/edge-zh-cn-xiaoxiaoneural/success-足球在-a-行-3-列-所以地址是-a3.mp3",
    "public/audio/voice/zh-CN/edge-zh-cn-xiaoxiaoneural/success-逐行-逐列看-小兔-小猫-小狗都各出现一次.mp3",
    "public/audio/voice/zh-CN/edge-zh-cn-xiaoxiaoneural/success-逐行对应-色块的位置-数量都一样.mp3"
  ]
}
