Already up to date
Done in 137ms using pnpm v11.19.0
$ node scripts/generate-edge-voices.mjs -- --voice zh-CN-XiaoxiaoNeural --rate -12% --pitch +2Hz --python /Users/chiang/Documents/Projects/playground/local-tts/.venv/bin/python --quiet --retries 3
Generated 1219/4043: success-a1-是-a-行-1-列-格子里是小鸟
Generated 1216/4043: game-goal-训练二维定位-行列对应和工作记忆
Generated 1217/4043: parent-请她先找字母行-再找数字列-最后说出交叉的格子
Generated 1218/4043: prompt-a1-里藏着什么-先找字母行-再找数字列
Generated 1220/4043: retry-先找到-a-行-再横着找到-1-列-不要先猜物品
Generated 1223/4043: prompt-a3-里藏着什么-先找字母行-再找数字列
Generated 1221/4043: parent-请她指着-a-行和-1-列交叉的格子-说为什么是小鸟
Generated 1224/4043: success-a3-是-a-行-3-列-格子里是积木塔
Generated 1225/4043: retry-先找到-a-行-再横着找到-3-列-不要先猜物品
Generated 1226/4043: parent-请她指着-a-行和-3-列交叉的格子-说为什么是积木塔
Generated 1228/4043: success-b2-是-b-行-2-列-格子里是小猫
Generated 1227/4043: prompt-b2-里藏着什么-先找字母行-再找数字列
Generated 1229/4043: retry-先找到-b-行-再横着找到-2-列-不要先猜物品
Generated 1231/4043: prompt-c1-里藏着什么-先找字母行-再找数字列
Generated 1232/4043: success-c1-是-c-行-1-列-格子里是书包
Generated 1230/4043: parent-请她指着-b-行和-2-列交叉的格子-说为什么是小猫
Generated 1233/4043: retry-先找到-c-行-再横着找到-1-列-不要先猜物品
Generated 1235/4043: prompt-a4-里藏着什么-先找字母行-再找数字列
Generated 1234/4043: parent-请她指着-c-行和-1-列交叉的格子-说为什么是书包
Generated 1236/4043: success-a4-是-a-行-4-列-格子里是铅笔
Generated 1237/4043: retry-先找到-a-行-再横着找到-4-列-不要先猜物品
Generated 1241/4043: prompt-b3-里藏着什么-先找字母行-再找数字列
Generated 1238/4043: parent-请她指着-a-行和-4-列交叉的格子-说为什么是铅笔
Generated 1242/4043: success-b3-是-b-行-3-列-格子里是积木塔
Generated 1244/4043: parent-请她指着-b-行和-3-列交叉的格子-说为什么是积木塔
Generated 1246/4043: success-c2-是-c-行-2-列-格子里是小鱼
Generated 1243/4043: retry-先找到-b-行-再横着找到-3-列-不要先猜物品
Generated 1245/4043: prompt-c2-里藏着什么-先找字母行-再找数字列
Generated 1250/4043: success-d4-是-d-行-4-列-格子里是草莓
Generated 1247/4043: retry-先找到-c-行-再横着找到-2-列-不要先猜物品
Generated 1249/4043: prompt-d4-里藏着什么-先找字母行-再找数字列
Generated 1248/4043: parent-请她指着-c-行和-2-列交叉的格子-说为什么是小鱼
Generated 1254/4043: success-小狗在-a-行-2-列-所以地址是-a2
Generated 1251/4043: retry-先找到-d-行-再横着找到-4-列-不要先猜物品
Generated 1255/4043: retry-先在图里找到小狗-再读这一行的字母和这一列的数字
Generated 1252/4043: parent-请她指着-d-行和-4-列交叉的格子-说为什么是草莓
Generated 1261/4043: success-葡萄在-c-行-3-列-所以地址是-c3
Generated 1256/4043: parent-请她指着小狗-说它在-a-行-2-列-所以地址是-a2
Generated 1262/4043: retry-先在图里找到葡萄-再读这一行的字母和这一列的数字
Generated 1263/4043: parent-请她指着葡萄-说它在-c-行-3-列-所以地址是-c3
Generated 1268/4043: success-足球在-a-行-3-列-所以地址是-a3
Generated 1269/4043: retry-先在图里找到足球-再读这一行的字母和这一列的数字
Generated 1270/4043: parent-请她指着足球-说它在-a-行-3-列-所以地址是-a3
Generated 1272/4043: success-蛋糕在-d-行-3-列-所以地址是-d3
Generated 1273/4043: retry-先在图里找到蛋糕-再读这一行的字母和这一列的数字
Generated 1274/4043: parent-请她指着蛋糕-说它在-d-行-3-列-所以地址是-d3
Generated 1280/4043: prompt-空格里应该放什么-先读完整的第一行-再用同样规则补第三行
Generated 1279/4043: parent-问她-这一行少了什么-这一列有没有同样的办法
Generated 1281/4043: success-第一行是-和-合起来变成-第三行是-和-所以空格补
Generated 1282/4043: retry-先读第一行这个完整行-前两个合成最后一个-再看第三行缺的空格
Generated 1283/4043: parent-请她说第一行怎么合起来-再说第三行-和-用同一个规则为什么补
Generated 1289/4043: success-第一行是-第一个又回来-第三行是-所以空格补
Generated 1290/4043: retry-先读第一行这个完整行-第一-第二-再回到第一-再看第三行缺的空格
Generated 1291/4043: parent-请她说第一行怎么回到第一个-再说第三行用同一个规则为什么补
Generated 1293/4043: retry-先读第一行这个完整行-大-小-再回到大-再看第三行缺的空格
Generated 1292/4043: success-第一行是-大圆-小圆-大圆-大的又回来-第三行是-大方块-小方块-所以空格补-大方块
Generated 1294/4043: parent-请她说第一行怎么回到大的-再说第三行用同一个规则为什么补-大方块
Generated 1303/4043: retry-先看第一行这个完整行有哪些颜色-再看第三行缺的空格少了哪一个
Generated 1302/4043: success-第一行有-三个都出现-第三行已经有-和-所以空格补
Generated 1304/4043: parent-请她说第一行有哪些-再说第三行用同一个规则为什么补
Generated 1305/4043: success-第一行是-1-数字-1-就放-1-个-第三行是-3-所以空格补
Generated 1306/4043: retry-先读第一行这个完整行-数字是几就有几个-再看第三行缺的空格
Generated 1307/4043: parent-请她说第一行数字-1-怎么变成-1-个苹果-再说第三行用同一个规则为什么补
Generated 1312/4043: success-第一行是-小鸟-和-天空-合成-小鸟天空-第三行是-小狗-和-家-所以空格补-小狗家
Generated 1313/4043: retry-先读第一行这个完整行-前两个词连成最后一个-再看第三行缺的空格
Generated 1314/4043: parent-请她说第一行怎么连成小故事-再说第三行-小狗-和-家-用同一个规则为什么补-小狗家
Generated 1612/4043: success-下面一行左边是黄色圆片-右边是绿色圆片-不能完全重合
Generated 1616/4043: success-上下两行颜色顺序反了-对应的位置不一样-不能重合
Generated 1618/4043: success-每一行的左边和右边都一样-是左右对称
Generated 1619/4043: success-中间一行左边是星星-右边是黄色圆片-不是左右对称
Generated 1645/4043: success-第一行-2-块-第二行-1-块-一共-3-块
Generated 1647/4043: parent-请她按行读数字-再说这一行一共有几块
Generated 1648/4043: success-第一行-3-块-第二行-1-块-一共-4-块
Generated 1650/4043: success-第一行-4-块-第二行-1-块-一共-5-块
Generated 1649/4043: success-第一行-4-块-第二行-2-块-一共-6-块
Generated 1651/4043: success-第一行-5-块-第二行-2-块-一共-7-块
Generated 1652/4043: success-第一行-4-块-第二行-3-块-一共-7-块
Generated 1653/4043: success-按行数-第一行-4-块-第二行-4-块-第三行-2-块-一共-10-块
Generated 1654/4043: success-按行数-第一行-4-块-第二行-5-块-第三行-1-块-一共-10-块
Generated 1849/4043: activity-system-再检查每一行和每一列-看看有没有重复或缺少的图卡
Generated 1966/4043: retry-颜色看同一行-形状再从左到右检查
Generated 1967/4043: parent-请孩子指出最先确定的空位-以及用的是哪一行-哪一列的线索
Generated 1968/4043: hint-先看问号和哪种颜色在同一行
Generated 1964/4043: prompt-把图形盘补完整-选一张图卡-再点问号格放进去-图卡可以重复用-每一行都是同一种颜色-从左到右-都是圆形-方形-三角形
Generated 1970/4043: clue-每一行都是同一种颜色
Generated 1972/4043: prompt-把图形盘补完整-选一张图卡-再点问号格放进去-图卡可以重复用-每一行-三种图卡各出现一次-每一列-三种图卡也各出现一次
Generated 1973/4043: success-每一行和每一列都符合规则了
Generated 1974/4043: retry-看一看新放的图卡-会不会让同一行或同一列重复
Generated 1975/4043: hint-先找只差一个空位的那一行或那一列
Generated 1977/4043: clue-每一行-三种图卡各出现一次
Generated 1976/4043: hint-放好一张以后-再检查它所在的行和列
Generated 1979/4043: parent-这题可以有不同的完整图案-请逐行-逐列验证-而不是只认一种样子
Generated 1981/4043: hint-下面的行既要自己不重复-也要和上面的列对上
Generated 1983/4043: success-补齐了-每行的颜色相同-每列的形状也相同
Generated 1982/4043: prompt-把图形盘补完整-选一张图卡-再点问号格放进去-图卡可以重复用-每一行的颜色相同-每一列的形状相同
Generated 1985/4043: hint-从一行里已经有的图卡看颜色
Generated 1984/4043: retry-每个问号都要同时对上行的颜色和列的形状
Generated 1987/4043: clue-每一行的颜色相同
Generated 1989/4043: prompt-自己搭一个图形盘-选一张图卡-再点问号格放进去-图卡可以重复用-每一行-三种图卡各出现一次-每一列-三种图卡也各出现一次
Generated 1991/4043: hint-先把三种图形放进第一行
Generated 1992/4043: hint-下一行可以换个顺序-避开上面同一列的图形
Generated 1993/4043: prompt-把图形盘补完整-空白卡也是一张图卡-每个问号都要放好-再点看看-每行都有一个圆形-一个方形和一张空白卡-每列也要把这三种卡各放一次
Generated 1996/4043: clue-每行都有一个圆形-一个方形和一张空白卡
Generated 2033/4043: parent-能计数到14并按行检查
Generated 2365/4043: prompt-按行和列的变化-补出最后一个数-选出符合条件的一张图卡
Generated 2366/4043: success-每行从左到右加2-每列从上到下加三-两条规则都得到8
Generated 2367/4043: parent-能按行列读取2-3数表
Generated 2368/4043: hint-每行从左到右加2-每列从上到下加三-两条规则都得到8
Generated 2369/4043: success-每行从左到右加3-每列从上到下加三-两条规则都得到11
Generated 2370/4043: hint-每行从左到右加3-每列从上到下加三-两条规则都得到11
Generated 2371/4043: success-每行从左到右加4-每列从上到下加三-两条规则都得到14
Generated 2372/4043: hint-每行从左到右加4-每列从上到下加三-两条规则都得到14
Generated 2517/4043: game-goal-找日期-数同一星期-跨行与间隔推算
Generated 2642/4043: prompt-每行每列都要有三位不同的朋友-选图卡-点问号格放进去-图卡可以重复用-每一行每种动物只有一张-每一列每种动物只有一张
Generated 2643/4043: success-逐行-逐列看-小兔-小猫-小狗都各出现一次
Generated 2644/4043: parent-认三位朋友-理解一行不得重复
Generated 2645/4043: hint-每一行每种动物只有一张
Generated 2646/4043: hint-逐行-逐列看-小兔-小猫-小狗都各出现一次
Generated 2647/4043: clue-每一行每种动物只有一张
Generated 2649/4043: parent-同时核对行列-能撤回不合适摆放
Generated 2911/4043: success-逐行对应-色块的位置-数量都一样
Generated 2913/4043: hint-逐行对应-色块的位置-数量都一样
Generated 2912/4043: parent-能按行比较蓝白格
Generated 2928/4043: hint-蓝白格沿每行-每列交替
Generated 2925/4043: prompt-选哪一块补片-能把行列里的纹理接上-选出符合条件的一张图卡-蓝白格沿每行-每列交替
Generated 2930/4043: clue-蓝白格沿每行-每列交替
Generated 2931/4043: prompt-选哪一块补片-能把行列里的纹理接上-选出符合条件的一张图卡-每行同色-蓝白行交替
Generated 2933/4043: clue-每行同色-蓝白行交替
Generated 2932/4043: hint-每行同色-蓝白行交替
Generated 2935/4043: parent-理解按三行重复并核对补片边界
Generated 2934/4043: prompt-选哪一块补片-能把行列里的纹理接上-选出符合条件的一张图卡-相同的一整行保持同色-按三行一组重复
Generated 2937/4043: clue-相同的一整行保持同色-按三行一组重复
Generated 2936/4043: hint-相同的一整行保持同色-按三行一组重复
Generated 2938/4043: game-title-行列规律研究
Generated 2939/4043: game-goal-单属性-双属性-行列交叉约束
Generated 2941/4043: success-同一行的颜色保持不变-同一列的形状也保持不变
Generated 2942/4043: parent-识颜色与形状-会按行列定位
Generated 2943/4043: hint-每一行颜色相同
Generated 2940/4043: prompt-把每行每列的规律补完整-选图卡-点问号格放进去-图卡可以重复用-每一行颜色相同-从左到右依次是圆-方-三角
Generated 2944/4043: hint-同一行的颜色保持不变-同一列的形状也保持不变
Generated 2945/4043: clue-每一行颜色相同
Generated 2958/4043: prompt-把每行每列的规律补完整-选图卡-点问号格放进去-图卡可以重复用-每一行颜色相同-从左到右依次是三角-圆-方
Generated 2956/4043: prompt-把每行每列的规律补完整-选图卡-点问号格放进去-图卡可以重复用-每一行颜色相同-从左到右依次是方-三角-圆
Generated 2961/4043: parent-能按颜色行次序和形状列次序交叉取值
Generated 2960/4043: prompt-把每行每列的规律补完整-选图卡-点问号格放进去-图卡可以重复用-每一行颜色相同-从左到右依次是圆-方-三角-从上到下依次是红-蓝-黄
Generated 2963/4043: prompt-把每行每列的规律补完整-选图卡-点问号格放进去-图卡可以重复用-每一行颜色相同-从左到右依次是方-三角-圆-从上到下依次是红-蓝-黄
Generated 2964/4043: prompt-把每行每列的规律补完整-选图卡-点问号格放进去-图卡可以重复用-每一行颜色相同-从左到右依次是三角-圆-方-从上到下依次是红-蓝-黄
Generated 3311/4043: prompt-照着参照图-把蓝格和空白格都摆出来-选图卡-点问号格放进去-图卡可以重复用-按行找位置-模型会一直保留
Generated 3313/4043: parent-能逐行定位且把空白当需填写内容
Generated 3314/4043: hint-按行找位置-模型会一直保留
Generated 3316/4043: clue-按行找位置-模型会一直保留
Generated 3319/4043: parent-能在4-4保持行列对应
Generated 3435/4043: success-一行一行检查-选过的再对照规则看一次-这里不比谁快
Generated 3436/4043: parent-能识一种目标形状并逐行搜索
Generated 3437/4043: hint-一行一行检查-选过的再对照规则看一次-这里不比谁快
Wrote public/audio/voice/manifest.json with 4043 entries and 0 skipped lines.
